==========================================
Curvine NFS Gateway vs FUSE Benchmark
==========================================
NFS Mount: /mnt/curvine-nfs
FUSE Mount: /curvine-fuse
Iterations: 3

Preparing test files...
Creating NFS sequential test file (1GB)...
1024+0 records in
1024+0 records out
1073741824 bytes (1.1 GB, 1.0 GiB) copied, 3.71776 s, 289 MB/s
Creating NFS random test file (1GB)...
1024+0 records in
1024+0 records out
1073741824 bytes (1.1 GB, 1.0 GiB) copied, 3.36093 s, 319 MB/s

==========================================
Test 1: Sequential Read (1M blocks, direct I/O)
==========================================
Iteration 1/3...
Iteration 2/3...
Iteration 3/3...

==========================================
Test 2: Sequential Write (1M blocks, direct I/O)
==========================================
Iteration 1/3...
